
> client@0.1.0 build
> react-scripts build

Creating an optimized production build...
Compiled with warnings.

[eslint] 
src\components\UserHeader.jsx
  Line 3:10:  'FaUser' is defined but never used  no-unused-vars

src\pages\CallRoom.jsx
  Line 20:9:   'socketUnsubscribeRef' is assigned a value but never used                                                                                      no-unused-vars
  Line 52:11:  'socket' is assigned a value but never used                                                                                                    no-unused-vars
  Line 93:6:   React Hook useEffect has missing dependencies: 'handleRemoteAnswer' and 'handleRemoteIce'. Either include them or remove the dependency array  react-hooks/exhaustive-deps

src\pages\Dashboard.jsx
  Line 7:10:    'logoutUser' is defined but never used               no-unused-vars
  Line 10:3:    'FaBell' is defined but never used                   no-unused-vars
  Line 13:3:    'FaBookOpen' is defined but never used               no-unused-vars
  Line 14:3:    'FaCheckCircle' is defined but never used            no-unused-vars
  Line 17:3:    'FaLeaf' is defined but never used                   no-unused-vars
  Line 18:3:    'FaPaperPlane' is defined but never used             no-unused-vars
  Line 30:23:   'setShowWelcome' is assigned a value but never used  no-unused-vars
  Line 36:10:   'messageSending' is assigned a value but never used  no-unused-vars
  Line 40:10:   'profileOpen' is assigned a value but never used     no-unused-vars
  Line 40:23:   'setProfileOpen' is assigned a value but never used  no-unused-vars
  Line 107:11:  'socket' is assigned a value but never used          no-unused-vars

src\pages\Nutrenist.jsx
  Line 45:11:  'socket' is assigned a value but never used  no-unused-vars

src\pages\NutritionistDirectory.jsx
  Line 32:9:  'getContactLabel' is assigned a value but never used  no-unused-vars

Search for the keywords to learn more about each warning.
To ignore, add // eslint-disable-next-line to the line before.

File sizes after gzip:

  101.06 kB  build\static\js\main.d29dc795.js
  41.37 kB   build\static\css\main.36e82f5c.css

The project was built assuming it is hosted at /.
You can control this with the homepage field in your package.json.

The build folder is ready to be deployed.
You may serve it with a static server:

  npm install -g serve
  serve -s build

Find out more about deployment here:

  https://cra.link/deployment

